2026-09-29 21:33:58 | INFO | training 282 examples, 18 optimizer steps/epoch, 720 total steps, amp=False
2026-09-29 21:34:06 | INFO | epoch summary {"epoch": 1, "train_loss": 26.7538, "train_step_acc": 0.6548, "epoch_seconds": 7.7016, "lr": 0.0005, "train_seconds_cum": 7.7}
2026-09-29 21:34:07 | INFO | epoch 1 step 20/720 loss 12.184 step_acc 0.869 gnorm 12.75 lr 5.83e-04
2026-09-29 21:34:13 | INFO | epoch summary {"epoch": 2, "train_loss": 13.2475, "train_step_acc": 0.8662, "epoch_seconds": 7.1997, "lr": 0.001, "train_seconds_cum": 14.9}
2026-09-29 21:34:15 | INFO | epoch 2 step 40/720 loss 9.370 step_acc 0.866 gnorm 12.58 lr 9.94e-04
2026-09-29 21:34:21 | INFO | epoch summary {"epoch": 3, "train_loss": 9.4459, "train_step_acc": 0.8701, "epoch_seconds": 7.4074, "lr": 0.001, "train_seconds_cum": 22.3}
2026-09-29 21:34:23 | INFO | epoch 3 step 60/720 loss 6.410 step_acc 0.899 gnorm 11.37 lr 9.65e-04
2026-09-29 21:34:28 | INFO | epoch summary {"epoch": 4, "train_loss": 8.2633, "train_step_acc": 0.875, "epoch_seconds": 7.1123, "lr": 0.0009, "train_seconds_cum": 29.4}
2026-09-29 21:34:31 | INFO | epoch 4 step 80/720 loss 5.627 step_acc 0.901 gnorm 11.82 lr 9.36e-04
2026-09-29 21:34:38 | INFO | epoch summary {"epoch": 5, "train_loss": 7.8121, "train_step_acc": 0.8804, "epoch_seconds": 7.0619, "val_loss": 8.3672, "val_em": 0.0, "val_ex": 0.0066, "val_grammar_valid": 1.0, "val_exec_valid": 0.8224, "val_decode_seconds": 1.1993, "lr": 0.0009, "train_seconds_cum": 36.5}
2026-09-29 21:34:42 | INFO | epoch 5 step 100/720 loss 5.738 step_acc 0.887 gnorm 10.98 lr 9.06e-04
2026-09-29 21:34:45 | INFO | epoch summary {"epoch": 6, "train_loss": 8.1965, "train_step_acc": 0.8759, "epoch_seconds": 7.1117, "lr": 0.0009, "train_seconds_cum": 43.6}
2026-09-29 21:34:50 | INFO | epoch 6 step 120/720 loss 6.964 step_acc 0.888 gnorm 12.43 lr 8.77e-04
2026-09-29 21:34:52 | INFO | epoch summary {"epoch": 7, "train_loss": 7.2749, "train_step_acc": 0.8826, "epoch_seconds": 7.2701, "lr": 0.0009, "train_seconds_cum": 50.9}
2026-09-29 21:34:59 | INFO | epoch 7 step 140/720 loss 5.809 step_acc 0.906 gnorm 12.29 lr 8.48e-04
2026-09-29 21:35:00 | INFO | epoch summary {"epoch": 8, "train_loss": 6.1944, "train_step_acc": 0.902, "epoch_seconds": 8.0234, "lr": 0.0008, "train_seconds_cum": 58.9}
2026-09-29 21:35:07 | INFO | epoch 8 step 160/720 loss 5.189 step_acc 0.915 gnorm 6.55 lr 8.19e-04
2026-09-29 21:35:08 | INFO | epoch summary {"epoch": 9, "train_loss": 5.5919, "train_step_acc": 0.9103, "epoch_seconds": 7.6441, "lr": 0.0008, "train_seconds_cum": 66.5}
2026-09-29 21:35:15 | INFO | epoch 9 step 180/720 loss 5.701 step_acc 0.910 gnorm 3.99 lr 7.89e-04
2026-09-29 21:35:17 | INFO | epoch summary {"epoch": 10, "train_loss": 5.7007, "train_step_acc": 0.9101, "epoch_seconds": 6.7951, "val_loss": 6.892, "val_em": 0.2303, "val_ex": 0.2039, "val_grammar_valid": 1.0, "val_exec_valid": 0.9737, "val_decode_seconds": 1.1576, "lr": 0.0008, "train_seconds_cum": 73.3}
2026-09-29 21:35:25 | INFO | epoch summary {"epoch": 11, "train_loss": 5.6876, "train_step_acc": 0.9149, "epoch_seconds": 7.3732, "lr": 0.0008, "train_seconds_cum": 80.7}
2026-09-29 21:35:25 | INFO | epoch 11 step 200/720 loss 2.490 step_acc 0.952 gnorm 15.72 lr 7.60e-04
2026-09-29 21:35:32 | INFO | epoch summary {"epoch": 12, "train_loss": 4.8829, "train_step_acc": 0.9243, "epoch_seconds": 7.1497, "lr": 0.0007, "train_seconds_cum": 87.9}
2026-09-29 21:35:34 | INFO | epoch 12 step 220/720 loss 6.906 step_acc 0.902 gnorm 16.76 lr 7.31e-04
2026-09-29 21:35:39 | INFO | epoch summary {"epoch": 13, "train_loss": 4.3438, "train_step_acc": 0.9305, "epoch_seconds": 7.5056, "lr": 0.0007, "train_seconds_cum": 95.4}
2026-09-29 21:35:42 | INFO | epoch 13 step 240/720 loss 2.509 step_acc 0.957 gnorm 10.34 lr 7.02e-04
2026-09-29 21:35:47 | INFO | epoch summary {"epoch": 14, "train_loss": 4.1765, "train_step_acc": 0.933, "epoch_seconds": 7.6743, "lr": 0.0007, "train_seconds_cum": 103.1}
2026-09-29 21:35:51 | INFO | epoch 14 step 260/720 loss 4.079 step_acc 0.941 gnorm 7.04 lr 6.73e-04
2026-09-29 21:35:57 | INFO | epoch summary {"epoch": 15, "train_loss": 3.7218, "train_step_acc": 0.9384, "epoch_seconds": 7.7511, "val_loss": 4.183, "val_em": 0.4342, "val_ex": 0.4145, "val_grammar_valid": 1.0, "val_exec_valid": 0.9145, "val_decode_seconds": 1.2509, "lr": 0.0007, "train_seconds_cum": 110.8}
2026-09-29 21:36:02 | INFO | epoch 15 step 280/720 loss 3.929 step_acc 0.936 gnorm 36.09 lr 6.43e-04
2026-09-29 21:36:05 | INFO | epoch summary {"epoch": 16, "train_loss": 3.4693, "train_step_acc": 0.9448, "epoch_seconds": 7.4431, "lr": 0.0006, "train_seconds_cum": 118.2}
2026-09-29 21:36:10 | INFO | epoch 16 step 300/720 loss 3.931 step_acc 0.943 gnorm 4.19 lr 6.14e-04
2026-09-29 21:36:13 | INFO | epoch summary {"epoch": 17, "train_loss": 3.1549, "train_step_acc": 0.9494, "epoch_seconds": 7.4543, "lr": 0.0006, "train_seconds_cum": 125.7}
2026-09-29 21:36:18 | INFO | epoch 17 step 320/720 loss 2.621 step_acc 0.961 gnorm 10.45 lr 5.85e-04
2026-09-29 21:36:20 | INFO | epoch summary {"epoch": 18, "train_loss": 2.7033, "train_step_acc": 0.9582, "epoch_seconds": 7.344, "lr": 0.0006, "train_seconds_cum": 133.1}
2026-09-29 21:36:27 | INFO | epoch 18 step 340/720 loss 2.256 step_acc 0.965 gnorm 10.65 lr 5.56e-04
2026-09-29 21:36:28 | INFO | epoch summary {"epoch": 19, "train_loss": 2.5057, "train_step_acc": 0.9616, "epoch_seconds": 7.3167, "lr": 0.0006, "train_seconds_cum": 140.4}
2026-09-29 21:36:35 | INFO | epoch 19 step 360/720 loss 2.328 step_acc 0.964 gnorm 31.17 lr 5.26e-04
2026-09-29 21:36:37 | INFO | epoch summary {"epoch": 20, "train_loss": 2.3277, "train_step_acc": 0.9639, "epoch_seconds": 7.3958, "val_loss": 3.0294, "val_em": 0.6118, "val_ex": 0.5855, "val_grammar_valid": 1.0, "val_exec_valid": 0.9013, "val_decode_seconds": 1.3215, "lr": 0.0005, "train_seconds_cum": 147.8}
2026-09-29 21:36:45 | INFO | epoch summary {"epoch": 21, "train_loss": 1.925, "train_step_acc": 0.9701, "epoch_seconds": 7.3496, "lr": 0.0005, "train_seconds_cum": 155.1}
2026-09-29 21:36:46 | INFO | epoch 21 step 380/720 loss 0.620 step_acc 0.986 gnorm 5.99 lr 4.97e-04
2026-09-29 21:36:53 | INFO | epoch summary {"epoch": 22, "train_loss": 1.8047, "train_step_acc": 0.9713, "epoch_seconds": 7.4623, "lr": 0.0005, "train_seconds_cum": 162.6}
2026-09-29 21:36:54 | INFO | epoch 22 step 400/720 loss 1.465 step_acc 0.979 gnorm 2.32 lr 4.68e-04
2026-09-29 21:37:00 | INFO | epoch summary {"epoch": 23, "train_loss": 1.6846, "train_step_acc": 0.973, "epoch_seconds": 7.8512, "lr": 0.0004, "train_seconds_cum": 170.4}
2026-09-29 21:37:03 | INFO | epoch 23 step 420/720 loss 2.557 step_acc 0.960 gnorm 3.80 lr 4.39e-04
2026-09-29 21:37:08 | INFO | epoch summary {"epoch": 24, "train_loss": 1.5416, "train_step_acc": 0.9762, "epoch_seconds": 7.6288, "lr": 0.0004, "train_seconds_cum": 178.1}
2026-09-29 21:37:12 | INFO | epoch 24 step 440/720 loss 1.131 step_acc 0.982 gnorm 2.46 lr 4.09e-04
2026-09-29 21:37:18 | INFO | epoch summary {"epoch": 25, "train_loss": 1.3909, "train_step_acc": 0.9787, "epoch_seconds": 7.4527, "val_loss": 1.8381, "val_em": 0.7105, "val_ex": 0.6842, "val_grammar_valid": 1.0, "val_exec_valid": 0.9013, "val_decode_seconds": 1.5571, "lr": 0.0004, "train_seconds_cum": 185.5}
2026-09-29 21:37:23 | INFO | epoch 25 step 460/720 loss 0.795 step_acc 0.987 gnorm 16.22 lr 3.80e-04
2026-09-29 21:37:26 | INFO | epoch summary {"epoch": 26, "train_loss": 1.3145, "train_step_acc": 0.9783, "epoch_seconds": 7.3384, "lr": 0.0004, "train_seconds_cum": 192.9}
2026-09-29 21:37:31 | INFO | epoch 26 step 480/720 loss 1.494 step_acc 0.977 gnorm 20.30 lr 3.51e-04
2026-09-29 21:37:34 | INFO | epoch summary {"epoch": 27, "train_loss": 1.127, "train_step_acc": 0.9817, "epoch_seconds": 7.7888, "lr": 0.0003, "train_seconds_cum": 200.6}
2026-09-29 21:37:40 | INFO | epoch 27 step 500/720 loss 0.934 step_acc 0.986 gnorm 1.20 lr 3.22e-04
2026-09-29 21:37:42 | INFO | epoch summary {"epoch": 28, "train_loss": 0.9893, "train_step_acc": 0.9843, "epoch_seconds": 7.2679, "lr": 0.0003, "train_seconds_cum": 207.9}
2026-09-29 21:37:49 | INFO | epoch 28 step 520/720 loss 0.978 step_acc 0.985 gnorm 1.13 lr 2.92e-04
2026-09-29 21:37:49 | INFO | epoch summary {"epoch": 29, "train_loss": 0.9621, "train_step_acc": 0.9856, "epoch_seconds": 7.5982, "lr": 0.0003, "train_seconds_cum": 215.5}
2026-09-29 21:37:58 | INFO | epoch 29 step 540/720 loss 0.878 step_acc 0.987 gnorm 21.87 lr 2.63e-04
2026-09-29 21:38:00 | INFO | epoch summary {"epoch": 30, "train_loss": 0.8784, "train_step_acc": 0.9874, "epoch_seconds": 8.1044, "val_loss": 1.7322, "val_em": 0.8158, "val_ex": 0.8092, "val_grammar_valid": 1.0, "val_exec_valid": 0.9013, "val_decode_seconds": 1.5021, "lr": 0.0003, "train_seconds_cum": 223.6}
2026-09-29 21:38:08 | INFO | epoch summary {"epoch": 31, "train_loss": 0.9106, "train_step_acc": 0.9867, "epoch_seconds": 7.3198, "lr": 0.0002, "train_seconds_cum": 230.9}
2026-09-29 21:38:09 | INFO | epoch 31 step 560/720 loss 2.709 step_acc 0.971 gnorm 7.39 lr 2.34e-04
2026-09-29 21:38:15 | INFO | epoch summary {"epoch": 32, "train_loss": 0.7821, "train_step_acc": 0.9894, "epoch_seconds": 7.4236, "lr": 0.0002, "train_seconds_cum": 238.4}
2026-09-29 21:38:17 | INFO | epoch 32 step 580/720 loss 0.580 step_acc 0.993 gnorm 0.77 lr 2.05e-04
2026-09-29 21:38:23 | INFO | epoch summary {"epoch": 33, "train_loss": 0.7205, "train_step_acc": 0.9901, "epoch_seconds": 7.3377, "lr": 0.0002, "train_seconds_cum": 245.7}
2026-09-29 21:38:26 | INFO | epoch 33 step 600/720 loss 1.091 step_acc 0.983 gnorm 1.92 lr 1.75e-04
2026-09-29 21:38:31 | INFO | epoch summary {"epoch": 34, "train_loss": 0.6753, "train_step_acc": 0.9897, "epoch_seconds": 7.6425, "lr": 0.0002, "train_seconds_cum": 253.4}
2026-09-29 21:38:34 | INFO | epoch 34 step 620/720 loss 0.821 step_acc 0.988 gnorm 11.71 lr 1.46e-04
2026-09-29 21:38:41 | INFO | epoch summary {"epoch": 35, "train_loss": 0.6877, "train_step_acc": 0.9909, "epoch_seconds": 7.5286, "val_loss": 1.2886, "val_em": 0.8618, "val_ex": 0.8553, "val_grammar_valid": 1.0, "val_exec_valid": 0.9145, "val_decode_seconds": 1.4867, "lr": 0.0001, "train_seconds_cum": 260.9}
2026-09-29 21:38:45 | INFO | epoch 35 step 640/720 loss 0.639 step_acc 0.993 gnorm 0.60 lr 1.17e-04
2026-09-29 21:38:48 | INFO | epoch summary {"epoch": 36, "train_loss": 0.6267, "train_step_acc": 0.9932, "epoch_seconds": 7.2646, "lr": 0.0001, "train_seconds_cum": 268.2}
2026-09-29 21:38:53 | INFO | epoch 36 step 660/720 loss 0.643 step_acc 0.992 gnorm 0.54 lr 8.77e-05
2026-09-29 21:38:56 | INFO | epoch summary {"epoch": 37, "train_loss": 0.5631, "train_step_acc": 0.9929, "epoch_seconds": 7.4426, "lr": 0.0001, "train_seconds_cum": 275.6}
2026-09-29 21:39:02 | INFO | epoch 37 step 680/720 loss 0.264 step_acc 0.998 gnorm 7.51 lr 5.85e-05
2026-09-29 21:39:04 | INFO | epoch summary {"epoch": 38, "train_loss": 0.5845, "train_step_acc": 0.993, "epoch_seconds": 7.544, "lr": 0.0001, "train_seconds_cum": 283.1}
2026-09-29 21:39:10 | INFO | epoch 38 step 700/720 loss 0.579 step_acc 0.993 gnorm 12.10 lr 2.92e-05
2026-09-29 21:39:11 | INFO | epoch summary {"epoch": 39, "train_loss": 0.5353, "train_step_acc": 0.9936, "epoch_seconds": 7.2053, "lr": 0.0, "train_seconds_cum": 290.3}
2026-09-29 21:39:19 | INFO | epoch 39 step 720/720 loss 0.554 step_acc 0.993 gnorm 21.45 lr 0.00e+00
2026-09-29 21:39:21 | INFO | epoch summary {"epoch": 40, "train_loss": 0.5536, "train_step_acc": 0.9932, "epoch_seconds": 7.6743, "val_loss": 1.1768, "val_em": 0.8882, "val_ex": 0.8684, "val_grammar_valid": 1.0, "val_exec_valid": 0.9211, "val_decode_seconds": 1.4426, "lr": 0.0, "train_seconds_cum": 298.0}
