[run] full: C:\Users\LUCKYTHALLA\Downloads\RAT-SQL\.venv\Scripts\python.exe C:\Users\LUCKYTHALLA\Downloads\RAT-SQL\scripts\train.py --config C:\Users\LUCKYTHALLA\Downloads\RAT-SQL\configs\small.yaml --output-dir C:\Users\LUCKYTHALLA\Downloads\RAT-SQL\experiments\full_model\full --eval-splits dev --set train.epochs=20
[done] full exit=0 in 54.7 min
[run] baseline_a_simple: C:\Users\LUCKYTHALLA\Downloads\RAT-SQL\.venv\Scripts\python.exe C:\Users\LUCKYTHALLA\Downloads\RAT-SQL\scripts\train.py --config C:\Users\LUCKYTHALLA\Downloads\RAT-SQL\configs\small.yaml --output-dir C:\Users\LUCKYTHALLA\Downloads\RAT-SQL\experiments\baseline\baseline_a_simple --eval-splits dev --set model.encoder.type=lstm model.encoder.init_from_pretrained=true model.rat.num_layers=0 relations.link_ngram=false relations.link_value=false relations.link_numbers=false train.epochs=20
[done] baseline_a_simple exit=0 in 45.3 min
[run] baseline_b_vanilla_transformer: C:\Users\LUCKYTHALLA\Downloads\RAT-SQL\.venv\Scripts\python.exe C:\Users\LUCKYTHALLA\Downloads\RAT-SQL\scripts\train.py --config C:\Users\LUCKYTHALLA\Downloads\RAT-SQL\configs\small.yaml --output-dir C:\Users\LUCKYTHALLA\Downloads\RAT-SQL\experiments\baseline\baseline_b_vanilla_transformer --eval-splits dev --set model.rat.use_relations=false train.epochs=20
[skip] full (dev metrics exist)
[skip] baseline_a_simple (dev metrics exist)
[run] baseline_b_vanilla_transformer: C:\Users\LUCKYTHALLA\Downloads\RAT-SQL\.venv\Scripts\python.exe C:\Users\LUCKYTHALLA\Downloads\RAT-SQL\scripts\train.py --config C:\Users\LUCKYTHALLA\Downloads\RAT-SQL\configs\small.yaml --output-dir C:\Users\LUCKYTHALLA\Downloads\RAT-SQL\experiments\baseline\baseline_b_vanilla_transformer --eval-splits dev --set model.rat.use_relations=false train.epochs=20
[done] baseline_b_vanilla_transformer exit=0 in 57.4 min
[run] baseline_c_no_linking: C:\Users\LUCKYTHALLA\Downloads\RAT-SQL\.venv\Scripts\python.exe C:\Users\LUCKYTHALLA\Downloads\RAT-SQL\scripts\train.py --config C:\Users\LUCKYTHALLA\Downloads\RAT-SQL\configs\small.yaml --output-dir C:\Users\LUCKYTHALLA\Downloads\RAT-SQL\experiments\baseline\baseline_c_no_linking --eval-splits dev --set relations.link_ngram=false relations.link_value=false relations.link_numbers=false train.epochs=20
[done] baseline_c_no_linking exit=0 in 63.0 min
[run] ablation_c_no_ngram_linking: C:\Users\LUCKYTHALLA\Downloads\RAT-SQL\.venv\Scripts\python.exe C:\Users\LUCKYTHALLA\Downloads\RAT-SQL\scripts\train.py --config C:\Users\LUCKYTHALLA\Downloads\RAT-SQL\configs\small.yaml --output-dir C:\Users\LUCKYTHALLA\Downloads\RAT-SQL\experiments\ablations\ablation_c_no_ngram_linking --eval-splits dev --set relations.link_ngram=false train.epochs=20
[done] ablation_c_no_ngram_linking exit=0 in 43.1 min
[run] ablation_d_no_value_linking: C:\Users\LUCKYTHALLA\Downloads\RAT-SQL\.venv\Scripts\python.exe C:\Users\LUCKYTHALLA\Downloads\RAT-SQL\scripts\train.py --config C:\Users\LUCKYTHALLA\Downloads\RAT-SQL\configs\small.yaml --output-dir C:\Users\LUCKYTHALLA\Downloads\RAT-SQL\experiments\ablations\ablation_d_no_value_linking --eval-splits dev --set relations.link_value=false train.epochs=20
[done] ablation_d_no_value_linking exit=0 in 40.8 min
[run] ablation_e_no_rat: C:\Users\LUCKYTHALLA\Downloads\RAT-SQL\.venv\Scripts\python.exe C:\Users\LUCKYTHALLA\Downloads\RAT-SQL\scripts\train.py --config C:\Users\LUCKYTHALLA\Downloads\RAT-SQL\configs\small.yaml --output-dir C:\Users\LUCKYTHALLA\Downloads\RAT-SQL\experiments\ablations\ablation_e_no_rat --eval-splits dev --set model.rat.num_layers=0 train.epochs=20
[done] ablation_e_no_rat exit=0 in 33.9 min
[run] ablation_g_no_foreign_keys: C:\Users\LUCKYTHALLA\Downloads\RAT-SQL\.venv\Scripts\python.exe C:\Users\LUCKYTHALLA\Downloads\RAT-SQL\scripts\train.py --config C:\Users\LUCKYTHALLA\Downloads\RAT-SQL\configs\small.yaml --output-dir C:\Users\LUCKYTHALLA\Downloads\RAT-SQL\experiments\ablations\ablation_g_no_foreign_keys --eval-splits dev --set relations.use_foreign_keys=false train.epochs=20
[done] ablation_g_no_foreign_keys exit=0 in 38.5 min
[run] ablation_h_no_grammar: C:\Users\LUCKYTHALLA\Downloads\RAT-SQL\.venv\Scripts\python.exe C:\Users\LUCKYTHALLA\Downloads\RAT-SQL\scripts\train.py --config C:\Users\LUCKYTHALLA\Downloads\RAT-SQL\configs\small.yaml --output-dir C:\Users\LUCKYTHALLA\Downloads\RAT-SQL\experiments\ablations\ablation_h_no_grammar --eval-splits dev --set model.decoder.grammar_mask=false train.epochs=20
[done] ablation_h_no_grammar exit=0 in 37.9 min
[run] ablation_i_lstm_encoder: C:\Users\LUCKYTHALLA\Downloads\RAT-SQL\.venv\Scripts\python.exe C:\Users\LUCKYTHALLA\Downloads\RAT-SQL\scripts\train.py --config C:\Users\LUCKYTHALLA\Downloads\RAT-SQL\configs\small.yaml --output-dir C:\Users\LUCKYTHALLA\Downloads\RAT-SQL\experiments\ablations\ablation_i_lstm_encoder --eval-splits dev --set model.encoder.type=lstm model.encoder.init_from_pretrained=true train.epochs=20
[done] ablation_i_lstm_encoder exit=0 in 29.9 min
[run] ablation_k_coarse_relations: C:\Users\LUCKYTHALLA\Downloads\RAT-SQL\.venv\Scripts\python.exe C:\Users\LUCKYTHALLA\Downloads\RAT-SQL\scripts\train.py --config C:\Users\LUCKYTHALLA\Downloads\RAT-SQL\configs\small.yaml --output-dir C:\Users\LUCKYTHALLA\Downloads\RAT-SQL\experiments\ablations\ablation_k_coarse_relations --eval-splits dev --set relations.vocab=coarse train.epochs=20
[done] ablation_k_coarse_relations exit=0 in 39.6 min
[run] scaling_01pct: C:\Users\LUCKYTHALLA\Downloads\RAT-SQL\.venv\Scripts\python.exe C:\Users\LUCKYTHALLA\Downloads\RAT-SQL\scripts\train.py --config C:\Users\LUCKYTHALLA\Downloads\RAT-SQL\configs\small.yaml --output-dir C:\Users\LUCKYTHALLA\Downloads\RAT-SQL\experiments\scaling\scaling_01pct --eval-splits dev --set data.train_fraction=0.01 train.epochs=200 train.eval_every=30
[done] scaling_01pct exit=0 in 8.2 min
[run] scaling_05pct: C:\Users\LUCKYTHALLA\Downloads\RAT-SQL\.venv\Scripts\python.exe C:\Users\LUCKYTHALLA\Downloads\RAT-SQL\scripts\train.py --config C:\Users\LUCKYTHALLA\Downloads\RAT-SQL\configs\small.yaml --output-dir C:\Users\LUCKYTHALLA\Downloads\RAT-SQL\experiments\scaling\scaling_05pct --eval-splits dev --set data.train_fraction=0.05 train.epochs=89 train.eval_every=13
[done] scaling_05pct exit=0 in 9.6 min
[run] scaling_10pct: C:\Users\LUCKYTHALLA\Downloads\RAT-SQL\.venv\Scripts\python.exe C:\Users\LUCKYTHALLA\Downloads\RAT-SQL\scripts\train.py --config C:\Users\LUCKYTHALLA\Downloads\RAT-SQL\configs\small.yaml --output-dir C:\Users\LUCKYTHALLA\Downloads\RAT-SQL\experiments\scaling\scaling_10pct --eval-splits dev --set data.train_fraction=0.1 train.epochs=63 train.eval_every=9
[done] scaling_10pct exit=0 in 13.8 min
[run] scaling_25pct: C:\Users\LUCKYTHALLA\Downloads\RAT-SQL\.venv\Scripts\python.exe C:\Users\LUCKYTHALLA\Downloads\RAT-SQL\scripts\train.py --config C:\Users\LUCKYTHALLA\Downloads\RAT-SQL\configs\small.yaml --output-dir C:\Users\LUCKYTHALLA\Downloads\RAT-SQL\experiments\scaling\scaling_25pct --eval-splits dev --set data.train_fraction=0.25 train.epochs=40 train.eval_every=6
[done] scaling_25pct exit=0 in 21.4 min
[run] scaling_50pct: C:\Users\LUCKYTHALLA\Downloads\RAT-SQL\.venv\Scripts\python.exe C:\Users\LUCKYTHALLA\Downloads\RAT-SQL\scripts\train.py --config C:\Users\LUCKYTHALLA\Downloads\RAT-SQL\configs\small.yaml --output-dir C:\Users\LUCKYTHALLA\Downloads\RAT-SQL\experiments\scaling\scaling_50pct --eval-splits dev --set data.train_fraction=0.5 train.epochs=28 train.eval_every=4
[done] scaling_50pct exit=0 in 28.8 min
collected 16 experiments -> C:\Users\LUCKYTHALLA\Downloads\RAT-SQL\results\tables
[run] ablation_h2_ref_direct_pointer: C:\Users\LUCKYTHALLA\Downloads\RAT-SQL\.venv\Scripts\python.exe C:\Users\LUCKYTHALLA\Downloads\RAT-SQL\scripts\train.py --config C:\Users\LUCKYTHALLA\Downloads\RAT-SQL\configs\small.yaml --output-dir C:\Users\LUCKYTHALLA\Downloads\RAT-SQL\experiments\ablations\ablation_h2_ref_direct_pointer --eval-splits dev --set model.decoder.pointer=direct train.epochs=20
