2026-09-30 08:38:42 | INFO | training 83 examples, 3 optimizer steps/epoch, 600 total steps, amp=True
2026-09-30 08:38:44 | INFO | epoch summary {"epoch": 1, "train_loss": 56.0819, "train_step_acc": 0.3073, "epoch_seconds": 2.0351, "nonfinite_loss_batches": 0, "amp_skipped_steps": 3, "lr": 0.0, "train_seconds_cum": 2.0}
2026-09-30 08:38:45 | INFO | epoch summary {"epoch": 2, "train_loss": 55.8417, "train_step_acc": 0.3278, "epoch_seconds": 1.3657, "nonfinite_loss_batches": 0, "amp_skipped_steps": 0, "lr": 0.0001, "train_seconds_cum": 3.4}
2026-09-30 08:38:47 | INFO | epoch summary {"epoch": 3, "train_loss": 50.6225, "train_step_acc": 0.7105, "epoch_seconds": 1.3348, "nonfinite_loss_batches": 0, "amp_skipped_steps": 0, "lr": 0.0002, "train_seconds_cum": 4.7}
2026-09-30 08:38:50 | INFO | epoch summary {"epoch": 4, "train_loss": 43.5743, "train_step_acc": 0.7463, "epoch_seconds": 1.395, "nonfinite_loss_batches": 0, "amp_skipped_steps": 0, "lr": 0.0003, "train_seconds_cum": 6.1}
2026-09-30 08:38:52 | INFO | epoch summary {"epoch": 5, "train_loss": 31.5675, "train_step_acc": 0.7509, "epoch_seconds": 1.2417, "nonfinite_loss_batches": 0, "amp_skipped_steps": 0, "lr": 0.0004, "train_seconds_cum": 7.4}
2026-09-30 08:38:54 | INFO | epoch summary {"epoch": 6, "train_loss": 28.0412, "train_step_acc": 0.7653, "epoch_seconds": 1.3145, "nonfinite_loss_batches": 0, "amp_skipped_steps": 0, "lr": 0.0005, "train_seconds_cum": 8.7}
2026-09-30 08:38:56 | INFO | epoch summary {"epoch": 7, "train_loss": 27.857, "train_step_acc": 0.7521, "epoch_seconds": 1.2364, "nonfinite_loss_batches": 0, "amp_skipped_steps": 0, "lr": 0.0006, "train_seconds_cum": 9.9}
2026-09-30 08:38:58 | INFO | epoch summary {"epoch": 8, "train_loss": 27.571, "train_step_acc": 0.7472, "epoch_seconds": 1.2814, "nonfinite_loss_batches": 0, "amp_skipped_steps": 0, "lr": 0.0007, "train_seconds_cum": 11.2}
2026-09-30 08:39:00 | INFO | epoch summary {"epoch": 9, "train_loss": 26.3369, "train_step_acc": 0.7543, "epoch_seconds": 1.3388, "nonfinite_loss_batches": 0, "amp_skipped_steps": 0, "lr": 0.0008, "train_seconds_cum": 12.6}
2026-09-30 08:39:02 | INFO | epoch summary {"epoch": 10, "train_loss": 25.5518, "train_step_acc": 0.7586, "epoch_seconds": 1.2038, "nonfinite_loss_batches": 0, "amp_skipped_steps": 0, "lr": 0.0009, "train_seconds_cum": 13.8}
2026-09-30 08:39:04 | INFO | epoch summary {"epoch": 11, "train_loss": 24.9729, "train_step_acc": 0.7629, "epoch_seconds": 1.2809, "nonfinite_loss_batches": 0, "amp_skipped_steps": 0, "lr": 0.001, "train_seconds_cum": 15.1}
2026-09-30 08:39:06 | INFO | epoch summary {"epoch": 12, "train_loss": 23.9727, "train_step_acc": 0.7751, "epoch_seconds": 1.2841, "nonfinite_loss_batches": 0, "amp_skipped_steps": 0, "lr": 0.001, "train_seconds_cum": 16.3}
2026-09-30 08:39:08 | INFO | epoch summary {"epoch": 13, "train_loss": 23.5326, "train_step_acc": 0.7767, "epoch_seconds": 1.2159, "nonfinite_loss_batches": 0, "amp_skipped_steps": 0, "lr": 0.001, "train_seconds_cum": 17.6}
2026-09-30 08:39:10 | INFO | epoch summary {"epoch": 14, "train_loss": 22.8308, "train_step_acc": 0.7901, "epoch_seconds": 1.2359, "nonfinite_loss_batches": 0, "amp_skipped_steps": 1, "lr": 0.001, "train_seconds_cum": 18.8}
2026-09-30 08:39:12 | INFO | epoch summary {"epoch": 15, "train_loss": 21.6542, "train_step_acc": 0.7981, "epoch_seconds": 1.2447, "nonfinite_loss_batches": 0, "amp_skipped_steps": 0, "lr": 0.001, "train_seconds_cum": 20.0}
2026-09-30 08:39:14 | INFO | epoch summary {"epoch": 16, "train_loss": 22.0061, "train_step_acc": 0.7806, "epoch_seconds": 1.2831, "nonfinite_loss_batches": 0, "amp_skipped_steps": 0, "lr": 0.001, "train_seconds_cum": 21.3}
2026-09-30 08:39:16 | INFO | epoch 16 step 50/600 loss 18.811 step_acc 0.803 gnorm 129.69 lr 9.72e-04
2026-09-30 08:39:16 | INFO | epoch summary {"epoch": 17, "train_loss": 20.8797, "train_step_acc": 0.8024, "epoch_seconds": 1.2924, "nonfinite_loss_batches": 0, "amp_skipped_steps": 0, "lr": 0.001, "train_seconds_cum": 22.6}
2026-09-30 08:39:18 | INFO | epoch summary {"epoch": 18, "train_loss": 19.4758, "train_step_acc": 0.8125, "epoch_seconds": 1.1976, "nonfinite_loss_batches": 0, "amp_skipped_steps": 0, "lr": 0.001, "train_seconds_cum": 23.8}
2026-09-30 08:39:20 | INFO | epoch summary {"epoch": 19, "train_loss": 19.2208, "train_step_acc": 0.8085, "epoch_seconds": 1.2776, "nonfinite_loss_batches": 0, "amp_skipped_steps": 0, "lr": 0.001, "train_seconds_cum": 25.1}
2026-09-30 08:39:23 | INFO | epoch summary {"epoch": 20, "train_loss": 18.8149, "train_step_acc": 0.8024, "epoch_seconds": 1.2833, "nonfinite_loss_batches": 0, "amp_skipped_steps": 0, "lr": 0.001, "train_seconds_cum": 26.4}
2026-09-30 08:39:25 | INFO | epoch summary {"epoch": 21, "train_loss": 17.7258, "train_step_acc": 0.8275, "epoch_seconds": 1.2836, "nonfinite_loss_batches": 0, "amp_skipped_steps": 0, "lr": 0.0009, "train_seconds_cum": 27.7}
2026-09-30 08:39:27 | INFO | epoch summary {"epoch": 22, "train_loss": 17.7389, "train_step_acc": 0.8199, "epoch_seconds": 1.2596, "nonfinite_loss_batches": 0, "amp_skipped_steps": 0, "lr": 0.0009, "train_seconds_cum": 28.9}
2026-09-30 08:39:28 | INFO | epoch summary {"epoch": 23, "train_loss": 17.5301, "train_step_acc": 0.8186, "epoch_seconds": 0.9872, "nonfinite_loss_batches": 0, "amp_skipped_steps": 0, "lr": 0.0009, "train_seconds_cum": 29.9}
2026-09-30 08:39:31 | INFO | epoch summary {"epoch": 24, "train_loss": 17.4506, "train_step_acc": 0.814, "epoch_seconds": 1.276, "nonfinite_loss_batches": 0, "amp_skipped_steps": 0, "lr": 0.0009, "train_seconds_cum": 31.2}
2026-09-30 08:39:33 | INFO | epoch summary {"epoch": 25, "train_loss": 16.973, "train_step_acc": 0.815, "epoch_seconds": 1.2841, "nonfinite_loss_batches": 0, "amp_skipped_steps": 0, "lr": 0.0009, "train_seconds_cum": 32.5}
2026-09-30 08:39:35 | INFO | epoch summary {"epoch": 26, "train_loss": 16.2434, "train_step_acc": 0.8257, "epoch_seconds": 1.2256, "nonfinite_loss_batches": 0, "amp_skipped_steps": 0, "lr": 0.0009, "train_seconds_cum": 33.7}
2026-09-30 08:39:37 | INFO | epoch summary {"epoch": 27, "train_loss": 16.594, "train_step_acc": 0.8297, "epoch_seconds": 1.2435, "nonfinite_loss_batches": 0, "amp_skipped_steps": 0, "lr": 0.0009, "train_seconds_cum": 35.0}
2026-09-30 08:39:39 | INFO | epoch summary {"epoch": 28, "train_loss": 16.7265, "train_step_acc": 0.818, "epoch_seconds": 1.3272, "nonfinite_loss_batches": 0, "amp_skipped_steps": 0, "lr": 0.0009, "train_seconds_cum": 36.3}
2026-09-30 08:39:41 | INFO | epoch summary {"epoch": 29, "train_loss": 15.964, "train_step_acc": 0.8251, "epoch_seconds": 1.2927, "nonfinite_loss_batches": 0, "amp_skipped_steps": 0, "lr": 0.0009, "train_seconds_cum": 37.6}
2026-09-30 08:39:48 | INFO | epoch summary {"epoch": 30, "train_loss": 15.3839, "train_step_acc": 0.8263, "epoch_seconds": 1.2686, "nonfinite_loss_batches": 0, "amp_skipped_steps": 0, "val_loss": 18.2495, "val_em": 0.0, "val_ex": 0.0, "val_grammar_valid": 1.0, "val_exec_valid": 0.8285, "val_decode_seconds": 1.8255, "lr": 0.0009, "train_seconds_cum": 38.9}
2026-09-30 08:39:50 | INFO | epoch summary {"epoch": 31, "train_loss": 15.3148, "train_step_acc": 0.8385, "epoch_seconds": 1.3918, "nonfinite_loss_batches": 0, "amp_skipped_steps": 0, "lr": 0.0009, "train_seconds_cum": 40.3}
2026-09-30 08:39:52 | INFO | epoch summary {"epoch": 32, "train_loss": 14.9128, "train_step_acc": 0.8422, "epoch_seconds": 1.3176, "nonfinite_loss_batches": 0, "amp_skipped_steps": 0, "lr": 0.0009, "train_seconds_cum": 41.6}
2026-09-30 08:39:54 | INFO | epoch summary {"epoch": 33, "train_loss": 14.2896, "train_step_acc": 0.849, "epoch_seconds": 1.3053, "nonfinite_loss_batches": 0, "amp_skipped_steps": 0, "lr": 0.0009, "train_seconds_cum": 42.9}
2026-09-30 08:39:56 | INFO | epoch 33 step 100/600 loss 20.461 step_acc 0.846 gnorm 26.09 lr 8.84e-04
2026-09-30 08:39:56 | INFO | epoch summary {"epoch": 34, "train_loss": 14.2533, "train_step_acc": 0.8462, "epoch_seconds": 1.2592, "nonfinite_loss_batches": 0, "amp_skipped_steps": 0, "lr": 0.0009, "train_seconds_cum": 44.1}
2026-09-30 08:39:58 | INFO | epoch summary {"epoch": 35, "train_loss": 13.8907, "train_step_acc": 0.8428, "epoch_seconds": 1.22, "nonfinite_loss_batches": 0, "amp_skipped_steps": 0, "lr": 0.0009, "train_seconds_cum": 45.4}
2026-09-30 08:40:00 | INFO | epoch summary {"epoch": 36, "train_loss": 13.4401, "train_step_acc": 0.8514, "epoch_seconds": 1.2766, "nonfinite_loss_batches": 0, "amp_skipped_steps": 0, "lr": 0.0009, "train_seconds_cum": 46.6}
2026-09-30 08:40:02 | INFO | epoch summary {"epoch": 37, "train_loss": 12.9544, "train_step_acc": 0.8514, "epoch_seconds": 1.2916, "nonfinite_loss_batches": 0, "amp_skipped_steps": 0, "lr": 0.0009, "train_seconds_cum": 47.9}
2026-09-30 08:40:04 | INFO | epoch summary {"epoch": 38, "train_loss": 12.7493, "train_step_acc": 0.8578, "epoch_seconds": 1.3132, "nonfinite_loss_batches": 0, "amp_skipped_steps": 0, "lr": 0.0009, "train_seconds_cum": 49.3}
2026-09-30 08:40:06 | INFO | epoch summary {"epoch": 39, "train_loss": 12.468, "train_step_acc": 0.8597, "epoch_seconds": 1.2348, "nonfinite_loss_batches": 0, "amp_skipped_steps": 0, "lr": 0.0009, "train_seconds_cum": 50.5}
2026-09-30 08:40:08 | INFO | epoch summary {"epoch": 40, "train_loss": 12.6031, "train_step_acc": 0.8529, "epoch_seconds": 1.2139, "nonfinite_loss_batches": 0, "amp_skipped_steps": 0, "lr": 0.0009, "train_seconds_cum": 51.7}
2026-09-30 08:40:10 | INFO | epoch summary {"epoch": 41, "train_loss": 12.8792, "train_step_acc": 0.849, "epoch_seconds": 1.2791, "nonfinite_loss_batches": 0, "amp_skipped_steps": 0, "lr": 0.0008, "train_seconds_cum": 53.0}
2026-09-30 08:40:12 | INFO | epoch summary {"epoch": 42, "train_loss": 13.0456, "train_step_acc": 0.852, "epoch_seconds": 1.2001, "nonfinite_loss_batches": 0, "amp_skipped_steps": 0, "lr": 0.0008, "train_seconds_cum": 54.2}
2026-09-30 08:40:15 | INFO | epoch summary {"epoch": 43, "train_loss": 11.7869, "train_step_acc": 0.8722, "epoch_seconds": 1.2853, "nonfinite_loss_batches": 0, "amp_skipped_steps": 0, "lr": 0.0008, "train_seconds_cum": 55.5}
2026-09-30 08:40:17 | INFO | epoch summary {"epoch": 44, "train_loss": 14.6246, "train_step_acc": 0.8294, "epoch_seconds": 1.2597, "nonfinite_loss_batches": 0, "amp_skipped_steps": 0, "lr": 0.0008, "train_seconds_cum": 56.7}
2026-09-30 08:40:19 | INFO | epoch summary {"epoch": 45, "train_loss": 12.8567, "train_step_acc": 0.8483, "epoch_seconds": 1.2485, "nonfinite_loss_batches": 0, "amp_skipped_steps": 0, "lr": 0.0008, "train_seconds_cum": 58.0}
2026-09-30 08:40:21 | INFO | epoch summary {"epoch": 46, "train_loss": 11.5555, "train_step_acc": 0.8652, "epoch_seconds": 1.2555, "nonfinite_loss_batches": 0, "amp_skipped_steps": 0, "lr": 0.0008, "train_seconds_cum": 59.2}
2026-09-30 08:40:23 | INFO | epoch summary {"epoch": 47, "train_loss": 11.1437, "train_step_acc": 0.8725, "epoch_seconds": 1.2706, "nonfinite_loss_batches": 0, "amp_skipped_steps": 0, "lr": 0.0008, "train_seconds_cum": 60.5}
2026-09-30 08:40:25 | INFO | epoch summary {"epoch": 48, "train_loss": 11.1683, "train_step_acc": 0.8744, "epoch_seconds": 1.2519, "nonfinite_loss_batches": 0, "amp_skipped_steps": 0, "lr": 0.0008, "train_seconds_cum": 61.8}
2026-09-30 08:40:27 | INFO | epoch summary {"epoch": 49, "train_loss": 11.3385, "train_step_acc": 0.8738, "epoch_seconds": 1.1966, "nonfinite_loss_batches": 0, "amp_skipped_steps": 0, "lr": 0.0008, "train_seconds_cum": 63.0}
2026-09-30 08:40:29 | INFO | epoch summary {"epoch": 50, "train_loss": 10.3438, "train_step_acc": 0.8854, "epoch_seconds": 1.332, "nonfinite_loss_batches": 0, "amp_skipped_steps": 0, "lr": 0.0008, "train_seconds_cum": 64.3}
2026-09-30 08:40:31 | INFO | epoch 50 step 150/600 loss 9.042 step_acc 0.879 gnorm 47.65 lr 7.96e-04
2026-09-30 08:40:32 | INFO | epoch summary {"epoch": 51, "train_loss": 10.7809, "train_step_acc": 0.8824, "epoch_seconds": 1.2694, "nonfinite_loss_batches": 0, "amp_skipped_steps": 0, "lr": 0.0008, "train_seconds_cum": 65.6}
2026-09-30 08:40:34 | INFO | epoch summary {"epoch": 52, "train_loss": 9.973, "train_step_acc": 0.89, "epoch_seconds": 1.2451, "nonfinite_loss_batches": 0, "amp_skipped_steps": 0, "lr": 0.0008, "train_seconds_cum": 66.8}
2026-09-30 08:40:36 | INFO | epoch summary {"epoch": 53, "train_loss": 9.3529, "train_step_acc": 0.8968, "epoch_seconds": 1.1965, "nonfinite_loss_batches": 0, "amp_skipped_steps": 0, "lr": 0.0008, "train_seconds_cum": 68.0}
2026-09-30 08:40:38 | INFO | epoch summary {"epoch": 54, "train_loss": 9.1426, "train_step_acc": 0.8946, "epoch_seconds": 1.2071, "nonfinite_loss_batches": 0, "amp_skipped_steps": 0, "lr": 0.0008, "train_seconds_cum": 69.2}
2026-09-30 08:40:40 | INFO | epoch summary {"epoch": 55, "train_loss": 9.1854, "train_step_acc": 0.8989, "epoch_seconds": 1.2794, "nonfinite_loss_batches": 0, "amp_skipped_steps": 0, "lr": 0.0008, "train_seconds_cum": 70.5}
2026-09-30 08:40:42 | INFO | epoch summary {"epoch": 56, "train_loss": 8.8106, "train_step_acc": 0.9023, "epoch_seconds": 1.2673, "nonfinite_loss_batches": 0, "amp_skipped_steps": 0, "lr": 0.0008, "train_seconds_cum": 71.8}
2026-09-30 08:40:44 | INFO | epoch summary {"epoch": 57, "train_loss": 8.3544, "train_step_acc": 0.9096, "epoch_seconds": 1.262, "nonfinite_loss_batches": 0, "amp_skipped_steps": 0, "lr": 0.0008, "train_seconds_cum": 73.1}
2026-09-30 08:40:46 | INFO | epoch summary {"epoch": 58, "train_loss": 8.4014, "train_step_acc": 0.9093, "epoch_seconds": 1.2353, "nonfinite_loss_batches": 0, "amp_skipped_steps": 0, "lr": 0.0008, "train_seconds_cum": 74.3}
2026-09-30 08:40:48 | INFO | epoch summary {"epoch": 59, "train_loss": 9.2304, "train_step_acc": 0.9004, "epoch_seconds": 1.2737, "nonfinite_loss_batches": 0, "amp_skipped_steps": 0, "lr": 0.0008, "train_seconds_cum": 75.6}
2026-09-30 08:40:55 | INFO | epoch summary {"epoch": 60, "train_loss": 8.3018, "train_step_acc": 0.9044, "epoch_seconds": 1.3295, "nonfinite_loss_batches": 0, "amp_skipped_steps": 0, "val_loss": 23.5871, "val_em": 0.0185, "val_ex": 0.0211, "val_grammar_valid": 1.0, "val_exec_valid": 0.781, "val_decode_seconds": 2.5034, "lr": 0.0007, "train_seconds_cum": 76.9}
2026-09-30 08:40:58 | INFO | epoch summary {"epoch": 61, "train_loss": 7.746, "train_step_acc": 0.9167, "epoch_seconds": 1.4546, "nonfinite_loss_batches": 0, "amp_skipped_steps": 0, "lr": 0.0007, "train_seconds_cum": 78.4}
2026-09-30 08:41:00 | INFO | epoch summary {"epoch": 62, "train_loss": 7.5675, "train_step_acc": 0.9161, "epoch_seconds": 1.27, "nonfinite_loss_batches": 0, "amp_skipped_steps": 0, "lr": 0.0007, "train_seconds_cum": 79.6}
2026-09-30 08:41:02 | INFO | epoch summary {"epoch": 63, "train_loss": 9.2902, "train_step_acc": 0.8974, "epoch_seconds": 1.2383, "nonfinite_loss_batches": 0, "amp_skipped_steps": 0, "lr": 0.0007, "train_seconds_cum": 80.9}
2026-09-30 08:41:04 | INFO | epoch summary {"epoch": 64, "train_loss": 7.5868, "train_step_acc": 0.9176, "epoch_seconds": 1.3406, "nonfinite_loss_batches": 0, "amp_skipped_steps": 0, "lr": 0.0007, "train_seconds_cum": 82.2}
2026-09-30 08:41:06 | INFO | epoch summary {"epoch": 65, "train_loss": 9.7585, "train_step_acc": 0.8986, "epoch_seconds": 1.2348, "nonfinite_loss_batches": 0, "amp_skipped_steps": 0, "lr": 0.0007, "train_seconds_cum": 83.4}
2026-09-30 08:41:08 | INFO | epoch summary {"epoch": 66, "train_loss": 8.4388, "train_step_acc": 0.9081, "epoch_seconds": 1.2588, "nonfinite_loss_batches": 0, "amp_skipped_steps": 0, "lr": 0.0007, "train_seconds_cum": 84.7}
2026-09-30 08:41:10 | INFO | epoch 66 step 200/600 loss 8.426 step_acc 0.907 gnorm 42.25 lr 7.09e-04
2026-09-30 08:41:10 | INFO | epoch summary {"epoch": 67, "train_loss": 8.4263, "train_step_acc": 0.9075, "epoch_seconds": 1.2541, "nonfinite_loss_batches": 0, "amp_skipped_steps": 0, "lr": 0.0007, "train_seconds_cum": 86.0}
2026-09-30 08:41:12 | INFO | epoch summary {"epoch": 68, "train_loss": 7.2212, "train_step_acc": 0.9185, "epoch_seconds": 1.2239, "nonfinite_loss_batches": 0, "amp_skipped_steps": 0, "lr": 0.0007, "train_seconds_cum": 87.2}
2026-09-30 08:41:14 | INFO | epoch summary {"epoch": 69, "train_loss": 6.9915, "train_step_acc": 0.9219, "epoch_seconds": 1.2736, "nonfinite_loss_batches": 0, "amp_skipped_steps": 0, "lr": 0.0007, "train_seconds_cum": 88.5}
2026-09-30 08:41:16 | INFO | epoch summary {"epoch": 70, "train_loss": 7.0191, "train_step_acc": 0.9237, "epoch_seconds": 1.2471, "nonfinite_loss_batches": 0, "amp_skipped_steps": 0, "lr": 0.0007, "train_seconds_cum": 89.7}
2026-09-30 08:41:18 | INFO | epoch summary {"epoch": 71, "train_loss": 6.8683, "train_step_acc": 0.9259, "epoch_seconds": 1.2824, "nonfinite_loss_batches": 0, "amp_skipped_steps": 0, "lr": 0.0007, "train_seconds_cum": 91.0}
2026-09-30 08:41:21 | INFO | epoch summary {"epoch": 72, "train_loss": 6.4636, "train_step_acc": 0.9301, "epoch_seconds": 1.2483, "nonfinite_loss_batches": 0, "amp_skipped_steps": 0, "lr": 0.0007, "train_seconds_cum": 92.3}
2026-09-30 08:41:23 | INFO | epoch summary {"epoch": 73, "train_loss": 5.9894, "train_step_acc": 0.9308, "epoch_seconds": 1.2427, "nonfinite_loss_batches": 0, "amp_skipped_steps": 0, "lr": 0.0007, "train_seconds_cum": 93.5}
2026-09-30 08:41:25 | INFO | epoch summary {"epoch": 74, "train_loss": 5.9905, "train_step_acc": 0.9344, "epoch_seconds": 1.2515, "nonfinite_loss_batches": 0, "amp_skipped_steps": 0, "lr": 0.0007, "train_seconds_cum": 94.7}
2026-09-30 08:41:27 | INFO | epoch summary {"epoch": 75, "train_loss": 6.4089, "train_step_acc": 0.9301, "epoch_seconds": 1.2982, "nonfinite_loss_batches": 0, "amp_skipped_steps": 0, "lr": 0.0007, "train_seconds_cum": 96.1}
2026-09-30 08:41:29 | INFO | epoch summary {"epoch": 76, "train_loss": 5.8737, "train_step_acc": 0.9387, "epoch_seconds": 1.2226, "nonfinite_loss_batches": 0, "amp_skipped_steps": 0, "lr": 0.0007, "train_seconds_cum": 97.3}
2026-09-30 08:41:31 | INFO | epoch summary {"epoch": 77, "train_loss": 5.6398, "train_step_acc": 0.9372, "epoch_seconds": 1.2995, "nonfinite_loss_batches": 0, "amp_skipped_steps": 0, "lr": 0.0007, "train_seconds_cum": 98.6}
2026-09-30 08:41:33 | INFO | epoch summary {"epoch": 78, "train_loss": 5.7915, "train_step_acc": 0.9363, "epoch_seconds": 1.2424, "nonfinite_loss_batches": 0, "amp_skipped_steps": 0, "lr": 0.0007, "train_seconds_cum": 99.8}
2026-09-30 08:41:35 | INFO | epoch summary {"epoch": 79, "train_loss": 5.486, "train_step_acc": 0.9403, "epoch_seconds": 1.2384, "nonfinite_loss_batches": 0, "amp_skipped_steps": 0, "lr": 0.0006, "train_seconds_cum": 101.1}
2026-09-30 08:41:37 | INFO | epoch summary {"epoch": 80, "train_loss": 5.1432, "train_step_acc": 0.9452, "epoch_seconds": 1.2421, "nonfinite_loss_batches": 0, "amp_skipped_steps": 0, "lr": 0.0006, "train_seconds_cum": 102.3}
2026-09-30 08:41:39 | INFO | epoch summary {"epoch": 81, "train_loss": 5.6672, "train_step_acc": 0.9363, "epoch_seconds": 1.2706, "nonfinite_loss_batches": 0, "amp_skipped_steps": 0, "lr": 0.0006, "train_seconds_cum": 103.6}
2026-09-30 08:41:41 | INFO | epoch summary {"epoch": 82, "train_loss": 6.1169, "train_step_acc": 0.9338, "epoch_seconds": 1.2391, "nonfinite_loss_batches": 0, "amp_skipped_steps": 0, "lr": 0.0006, "train_seconds_cum": 104.8}
2026-09-30 08:41:43 | INFO | epoch summary {"epoch": 83, "train_loss": 5.2314, "train_step_acc": 0.943, "epoch_seconds": 1.2198, "nonfinite_loss_batches": 0, "amp_skipped_steps": 0, "lr": 0.0006, "train_seconds_cum": 106.0}
2026-09-30 08:41:45 | INFO | epoch 83 step 250/600 loss 4.429 step_acc 0.943 gnorm 46.08 lr 6.21e-04
2026-09-30 08:41:46 | INFO | epoch summary {"epoch": 84, "train_loss": 5.1482, "train_step_acc": 0.9412, "epoch_seconds": 1.2901, "nonfinite_loss_batches": 0, "amp_skipped_steps": 0, "lr": 0.0006, "train_seconds_cum": 107.3}
2026-09-30 08:41:48 | INFO | epoch summary {"epoch": 85, "train_loss": 4.7361, "train_step_acc": 0.9485, "epoch_seconds": 1.2814, "nonfinite_loss_batches": 0, "amp_skipped_steps": 0, "lr": 0.0006, "train_seconds_cum": 108.6}
2026-09-30 08:41:50 | INFO | epoch summary {"epoch": 86, "train_loss": 4.7017, "train_step_acc": 0.9522, "epoch_seconds": 1.2286, "nonfinite_loss_batches": 0, "amp_skipped_steps": 0, "lr": 0.0006, "train_seconds_cum": 109.9}
2026-09-30 08:41:53 | INFO | epoch summary {"epoch": 87, "train_loss": 4.5352, "train_step_acc": 0.9504, "epoch_seconds": 1.2873, "nonfinite_loss_batches": 0, "amp_skipped_steps": 0, "lr": 0.0006, "train_seconds_cum": 111.1}
2026-09-30 08:41:55 | INFO | epoch summary {"epoch": 88, "train_loss": 4.4892, "train_step_acc": 0.9476, "epoch_seconds": 1.2737, "nonfinite_loss_batches": 0, "amp_skipped_steps": 0, "lr": 0.0006, "train_seconds_cum": 112.4}
2026-09-30 08:41:57 | INFO | epoch summary {"epoch": 89, "train_loss": 4.1391, "train_step_acc": 0.9599, "epoch_seconds": 1.2697, "nonfinite_loss_batches": 0, "amp_skipped_steps": 0, "lr": 0.0006, "train_seconds_cum": 113.7}
2026-09-30 08:42:04 | INFO | epoch summary {"epoch": 90, "train_loss": 3.6871, "train_step_acc": 0.9596, "epoch_seconds": 1.3152, "nonfinite_loss_batches": 0, "amp_skipped_steps": 0, "val_loss": 28.5473, "val_em": 0.0528, "val_ex": 0.0475, "val_grammar_valid": 1.0, "val_exec_valid": 0.686, "val_decode_seconds": 2.7395, "lr": 0.0006, "train_seconds_cum": 115.0}
2026-09-30 08:42:06 | INFO | epoch summary {"epoch": 91, "train_loss": 3.6129, "train_step_acc": 0.9623, "epoch_seconds": 1.4186, "nonfinite_loss_batches": 0, "amp_skipped_steps": 0, "lr": 0.0006, "train_seconds_cum": 116.4}
2026-09-30 08:42:08 | INFO | epoch summary {"epoch": 92, "train_loss": 4.0859, "train_step_acc": 0.9571, "epoch_seconds": 1.2612, "nonfinite_loss_batches": 0, "amp_skipped_steps": 0, "lr": 0.0006, "train_seconds_cum": 117.7}
2026-09-30 08:42:11 | INFO | epoch summary {"epoch": 93, "train_loss": 3.7651, "train_step_acc": 0.9596, "epoch_seconds": 1.3535, "nonfinite_loss_batches": 0, "amp_skipped_steps": 0, "lr": 0.0006, "train_seconds_cum": 119.1}
2026-09-30 08:42:13 | INFO | epoch summary {"epoch": 94, "train_loss": 3.853, "train_step_acc": 0.9617, "epoch_seconds": 1.2247, "nonfinite_loss_batches": 0, "amp_skipped_steps": 0, "lr": 0.0006, "train_seconds_cum": 120.3}
2026-09-30 08:42:15 | INFO | epoch summary {"epoch": 95, "train_loss": 3.4226, "train_step_acc": 0.9645, "epoch_seconds": 1.3047, "nonfinite_loss_batches": 0, "amp_skipped_steps": 0, "lr": 0.0006, "train_seconds_cum": 121.6}
2026-09-30 08:42:17 | INFO | epoch summary {"epoch": 96, "train_loss": 3.2235, "train_step_acc": 0.9663, "epoch_seconds": 1.3338, "nonfinite_loss_batches": 0, "amp_skipped_steps": 0, "lr": 0.0006, "train_seconds_cum": 122.9}
2026-09-30 08:42:19 | INFO | epoch summary {"epoch": 97, "train_loss": 3.2346, "train_step_acc": 0.9697, "epoch_seconds": 1.2224, "nonfinite_loss_batches": 0, "amp_skipped_steps": 0, "lr": 0.0006, "train_seconds_cum": 124.1}
2026-09-30 08:42:21 | INFO | epoch summary {"epoch": 98, "train_loss": 3.243, "train_step_acc": 0.9672, "epoch_seconds": 1.2406, "nonfinite_loss_batches": 0, "amp_skipped_steps": 0, "lr": 0.0005, "train_seconds_cum": 125.4}
2026-09-30 08:42:24 | INFO | epoch summary {"epoch": 99, "train_loss": 3.0612, "train_step_acc": 0.9684, "epoch_seconds": 1.3721, "nonfinite_loss_batches": 0, "amp_skipped_steps": 0, "lr": 0.0005, "train_seconds_cum": 126.8}
2026-09-30 08:42:26 | INFO | epoch summary {"epoch": 100, "train_loss": 2.8452, "train_step_acc": 0.9709, "epoch_seconds": 1.2418, "nonfinite_loss_batches": 0, "amp_skipped_steps": 0, "lr": 0.0005, "train_seconds_cum": 128.0}
2026-09-30 08:42:27 | INFO | epoch 100 step 300/600 loss 3.695 step_acc 0.967 gnorm 46.79 lr 5.33e-04
2026-09-30 08:42:28 | INFO | epoch summary {"epoch": 101, "train_loss": 3.3102, "train_step_acc": 0.9623, "epoch_seconds": 1.2876, "nonfinite_loss_batches": 0, "amp_skipped_steps": 0, "lr": 0.0005, "train_seconds_cum": 129.3}
2026-09-30 08:42:30 | INFO | epoch summary {"epoch": 102, "train_loss": 2.6413, "train_step_acc": 0.9737, "epoch_seconds": 1.2991, "nonfinite_loss_batches": 0, "amp_skipped_steps": 0, "lr": 0.0005, "train_seconds_cum": 130.6}
2026-09-30 08:42:32 | INFO | epoch summary {"epoch": 103, "train_loss": 3.3002, "train_step_acc": 0.9657, "epoch_seconds": 1.2164, "nonfinite_loss_batches": 0, "amp_skipped_steps": 0, "lr": 0.0005, "train_seconds_cum": 131.8}
2026-09-30 08:42:34 | INFO | epoch summary {"epoch": 104, "train_loss": 2.9084, "train_step_acc": 0.9691, "epoch_seconds": 1.2393, "nonfinite_loss_batches": 0, "amp_skipped_steps": 0, "lr": 0.0005, "train_seconds_cum": 133.1}
2026-09-30 08:42:36 | INFO | epoch summary {"epoch": 105, "train_loss": 2.4908, "train_step_acc": 0.9746, "epoch_seconds": 1.2465, "nonfinite_loss_batches": 0, "amp_skipped_steps": 0, "lr": 0.0005, "train_seconds_cum": 134.3}
2026-09-30 08:42:38 | INFO | epoch summary {"epoch": 106, "train_loss": 2.2675, "train_step_acc": 0.9779, "epoch_seconds": 1.2471, "nonfinite_loss_batches": 0, "amp_skipped_steps": 0, "lr": 0.0005, "train_seconds_cum": 135.6}
2026-09-30 08:42:41 | INFO | epoch summary {"epoch": 107, "train_loss": 2.3493, "train_step_acc": 0.9764, "epoch_seconds": 1.2724, "nonfinite_loss_batches": 0, "amp_skipped_steps": 0, "lr": 0.0005, "train_seconds_cum": 136.8}
2026-09-30 08:42:43 | INFO | epoch summary {"epoch": 108, "train_loss": 2.1207, "train_step_acc": 0.9779, "epoch_seconds": 1.2186, "nonfinite_loss_batches": 0, "amp_skipped_steps": 0, "lr": 0.0005, "train_seconds_cum": 138.1}
2026-09-30 08:42:45 | INFO | epoch summary {"epoch": 109, "train_loss": 2.5095, "train_step_acc": 0.9727, "epoch_seconds": 1.3864, "nonfinite_loss_batches": 0, "amp_skipped_steps": 0, "lr": 0.0005, "train_seconds_cum": 139.4}
2026-09-30 08:42:47 | INFO | epoch summary {"epoch": 110, "train_loss": 2.7234, "train_step_acc": 0.9694, "epoch_seconds": 1.2727, "nonfinite_loss_batches": 0, "amp_skipped_steps": 0, "lr": 0.0005, "train_seconds_cum": 140.7}
2026-09-30 08:42:49 | INFO | epoch summary {"epoch": 111, "train_loss": 2.2137, "train_step_acc": 0.9764, "epoch_seconds": 1.2907, "nonfinite_loss_batches": 0, "amp_skipped_steps": 0, "lr": 0.0005, "train_seconds_cum": 142.0}
2026-09-30 08:42:52 | INFO | epoch summary {"epoch": 112, "train_loss": 2.2754, "train_step_acc": 0.9773, "epoch_seconds": 1.3003, "nonfinite_loss_batches": 0, "amp_skipped_steps": 0, "lr": 0.0005, "train_seconds_cum": 143.3}
2026-09-30 08:42:54 | INFO | epoch summary {"epoch": 113, "train_loss": 2.2915, "train_step_acc": 0.9746, "epoch_seconds": 1.2153, "nonfinite_loss_batches": 0, "amp_skipped_steps": 0, "lr": 0.0005, "train_seconds_cum": 144.5}
2026-09-30 08:42:56 | INFO | epoch summary {"epoch": 114, "train_loss": 2.3036, "train_step_acc": 0.9733, "epoch_seconds": 1.2847, "nonfinite_loss_batches": 0, "amp_skipped_steps": 0, "lr": 0.0005, "train_seconds_cum": 145.8}
2026-09-30 08:42:58 | INFO | epoch summary {"epoch": 115, "train_loss": 2.1816, "train_step_acc": 0.9767, "epoch_seconds": 1.2446, "nonfinite_loss_batches": 0, "amp_skipped_steps": 0, "lr": 0.0005, "train_seconds_cum": 147.1}
2026-09-30 08:43:00 | INFO | epoch summary {"epoch": 116, "train_loss": 2.118, "train_step_acc": 0.9789, "epoch_seconds": 1.2742, "nonfinite_loss_batches": 0, "amp_skipped_steps": 0, "lr": 0.0005, "train_seconds_cum": 148.3}
2026-09-30 08:43:02 | INFO | epoch 116 step 350/600 loss 2.065 step_acc 0.977 gnorm 44.66 lr 4.46e-04
2026-09-30 08:43:02 | INFO | epoch summary {"epoch": 117, "train_loss": 2.0652, "train_step_acc": 0.9773, "epoch_seconds": 1.2557, "nonfinite_loss_batches": 0, "amp_skipped_steps": 0, "lr": 0.0004, "train_seconds_cum": 149.6}
2026-09-30 08:43:04 | INFO | epoch summary {"epoch": 118, "train_loss": 1.9814, "train_step_acc": 0.9789, "epoch_seconds": 1.2768, "nonfinite_loss_batches": 0, "amp_skipped_steps": 0, "lr": 0.0004, "train_seconds_cum": 150.9}
2026-09-30 08:43:06 | INFO | epoch summary {"epoch": 119, "train_loss": 2.6442, "train_step_acc": 0.9712, "epoch_seconds": 1.255, "nonfinite_loss_batches": 0, "amp_skipped_steps": 0, "lr": 0.0004, "train_seconds_cum": 152.1}
2026-09-30 08:43:12 | INFO | epoch summary {"epoch": 120, "train_loss": 2.1078, "train_step_acc": 0.9779, "epoch_seconds": 1.2912, "nonfinite_loss_batches": 0, "amp_skipped_steps": 0, "val_loss": 35.661, "val_em": 0.0449, "val_ex": 0.0633, "val_grammar_valid": 1.0, "val_exec_valid": 0.6491, "val_decode_seconds": 2.477, "lr": 0.0004, "train_seconds_cum": 153.4}
2026-09-30 08:43:14 | INFO | epoch summary {"epoch": 121, "train_loss": 2.4612, "train_step_acc": 0.9737, "epoch_seconds": 1.3086, "nonfinite_loss_batches": 0, "amp_skipped_steps": 0, "lr": 0.0004, "train_seconds_cum": 154.7}
2026-09-30 08:43:16 | INFO | epoch summary {"epoch": 122, "train_loss": 1.9596, "train_step_acc": 0.9779, "epoch_seconds": 1.2475, "nonfinite_loss_batches": 0, "amp_skipped_steps": 0, "lr": 0.0004, "train_seconds_cum": 156.0}
2026-09-30 08:43:18 | INFO | epoch summary {"epoch": 123, "train_loss": 2.0352, "train_step_acc": 0.9786, "epoch_seconds": 1.2098, "nonfinite_loss_batches": 0, "amp_skipped_steps": 0, "lr": 0.0004, "train_seconds_cum": 157.2}
2026-09-30 08:43:21 | INFO | epoch summary {"epoch": 124, "train_loss": 2.0739, "train_step_acc": 0.9792, "epoch_seconds": 1.2993, "nonfinite_loss_batches": 0, "amp_skipped_steps": 0, "lr": 0.0004, "train_seconds_cum": 158.5}
2026-09-30 08:43:23 | INFO | epoch summary {"epoch": 125, "train_loss": 1.7454, "train_step_acc": 0.9813, "epoch_seconds": 1.3286, "nonfinite_loss_batches": 0, "amp_skipped_steps": 0, "lr": 0.0004, "train_seconds_cum": 159.8}
2026-09-30 08:43:25 | INFO | epoch summary {"epoch": 126, "train_loss": 1.7006, "train_step_acc": 0.9828, "epoch_seconds": 1.2831, "nonfinite_loss_batches": 0, "amp_skipped_steps": 0, "lr": 0.0004, "train_seconds_cum": 161.1}
2026-09-30 08:43:27 | INFO | epoch summary {"epoch": 127, "train_loss": 1.6305, "train_step_acc": 0.9825, "epoch_seconds": 1.2351, "nonfinite_loss_batches": 0, "amp_skipped_steps": 0, "lr": 0.0004, "train_seconds_cum": 162.4}
2026-09-30 08:43:29 | INFO | epoch summary {"epoch": 128, "train_loss": 1.5479, "train_step_acc": 0.9838, "epoch_seconds": 1.2253, "nonfinite_loss_batches": 0, "amp_skipped_steps": 0, "lr": 0.0004, "train_seconds_cum": 163.6}
2026-09-30 08:43:31 | INFO | epoch summary {"epoch": 129, "train_loss": 1.4754, "train_step_acc": 0.9838, "epoch_seconds": 1.3249, "nonfinite_loss_batches": 0, "amp_skipped_steps": 0, "lr": 0.0004, "train_seconds_cum": 164.9}
2026-09-30 08:43:33 | INFO | epoch summary {"epoch": 130, "train_loss": 1.54, "train_step_acc": 0.9838, "epoch_seconds": 1.2297, "nonfinite_loss_batches": 0, "amp_skipped_steps": 0, "lr": 0.0004, "train_seconds_cum": 166.1}
2026-09-30 08:43:36 | INFO | epoch summary {"epoch": 131, "train_loss": 1.4898, "train_step_acc": 0.9853, "epoch_seconds": 1.299, "nonfinite_loss_batches": 0, "amp_skipped_steps": 0, "lr": 0.0004, "train_seconds_cum": 167.5}
2026-09-30 08:43:38 | INFO | epoch summary {"epoch": 132, "train_loss": 1.7103, "train_step_acc": 0.9798, "epoch_seconds": 1.2557, "nonfinite_loss_batches": 0, "amp_skipped_steps": 0, "lr": 0.0004, "train_seconds_cum": 168.7}
2026-09-30 08:43:40 | INFO | epoch summary {"epoch": 133, "train_loss": 1.3695, "train_step_acc": 0.9844, "epoch_seconds": 1.236, "nonfinite_loss_batches": 0, "amp_skipped_steps": 0, "lr": 0.0004, "train_seconds_cum": 169.9}
2026-09-30 08:43:42 | INFO | epoch 133 step 400/600 loss 2.264 step_acc 0.978 gnorm 29.36 lr 3.58e-04
2026-09-30 08:43:42 | INFO | epoch summary {"epoch": 134, "train_loss": 1.2391, "train_step_acc": 0.9865, "epoch_seconds": 1.294, "nonfinite_loss_batches": 0, "amp_skipped_steps": 0, "lr": 0.0004, "train_seconds_cum": 171.2}
2026-09-30 08:43:45 | INFO | epoch summary {"epoch": 135, "train_loss": 1.1565, "train_step_acc": 0.9868, "epoch_seconds": 1.241, "nonfinite_loss_batches": 0, "amp_skipped_steps": 0, "lr": 0.0004, "train_seconds_cum": 172.5}
2026-09-30 08:43:47 | INFO | epoch summary {"epoch": 136, "train_loss": 1.0987, "train_step_acc": 0.9871, "epoch_seconds": 1.2619, "nonfinite_loss_batches": 0, "amp_skipped_steps": 0, "lr": 0.0003, "train_seconds_cum": 173.8}
2026-09-30 08:43:49 | INFO | epoch summary {"epoch": 137, "train_loss": 1.1377, "train_step_acc": 0.9874, "epoch_seconds": 1.2832, "nonfinite_loss_batches": 0, "amp_skipped_steps": 0, "lr": 0.0003, "train_seconds_cum": 175.0}
2026-09-30 08:43:51 | INFO | epoch summary {"epoch": 138, "train_loss": 1.0883, "train_step_acc": 0.9887, "epoch_seconds": 1.2409, "nonfinite_loss_batches": 0, "amp_skipped_steps": 0, "lr": 0.0003, "train_seconds_cum": 176.3}
2026-09-30 08:43:53 | INFO | epoch summary {"epoch": 139, "train_loss": 1.1911, "train_step_acc": 0.9859, "epoch_seconds": 1.2336, "nonfinite_loss_batches": 0, "amp_skipped_steps": 0, "lr": 0.0003, "train_seconds_cum": 177.5}
2026-09-30 08:43:56 | INFO | epoch summary {"epoch": 140, "train_loss": 0.9895, "train_step_acc": 0.9893, "epoch_seconds": 1.282, "nonfinite_loss_batches": 0, "amp_skipped_steps": 0, "lr": 0.0003, "train_seconds_cum": 178.8}
2026-09-30 08:43:58 | INFO | epoch summary {"epoch": 141, "train_loss": 1.154, "train_step_acc": 0.9871, "epoch_seconds": 1.2386, "nonfinite_loss_batches": 0, "amp_skipped_steps": 0, "lr": 0.0003, "train_seconds_cum": 180.0}
2026-09-30 08:44:00 | INFO | epoch summary {"epoch": 142, "train_loss": 1.0592, "train_step_acc": 0.9887, "epoch_seconds": 1.3611, "nonfinite_loss_batches": 0, "amp_skipped_steps": 0, "lr": 0.0003, "train_seconds_cum": 181.4}
2026-09-30 08:44:02 | INFO | epoch summary {"epoch": 143, "train_loss": 1.1465, "train_step_acc": 0.989, "epoch_seconds": 1.3045, "nonfinite_loss_batches": 0, "amp_skipped_steps": 0, "lr": 0.0003, "train_seconds_cum": 182.7}
2026-09-30 08:44:05 | INFO | epoch summary {"epoch": 144, "train_loss": 0.9596, "train_step_acc": 0.9896, "epoch_seconds": 1.4746, "nonfinite_loss_batches": 0, "amp_skipped_steps": 0, "lr": 0.0003, "train_seconds_cum": 184.2}
2026-09-30 08:44:07 | INFO | epoch summary {"epoch": 145, "train_loss": 1.0016, "train_step_acc": 0.9887, "epoch_seconds": 1.2945, "nonfinite_loss_batches": 0, "amp_skipped_steps": 0, "lr": 0.0003, "train_seconds_cum": 185.5}
2026-09-30 08:44:09 | INFO | epoch summary {"epoch": 146, "train_loss": 1.0222, "train_step_acc": 0.9899, "epoch_seconds": 1.2464, "nonfinite_loss_batches": 0, "amp_skipped_steps": 0, "lr": 0.0003, "train_seconds_cum": 186.7}
2026-09-30 08:44:11 | INFO | epoch summary {"epoch": 147, "train_loss": 0.8685, "train_step_acc": 0.9908, "epoch_seconds": 1.262, "nonfinite_loss_batches": 0, "amp_skipped_steps": 0, "lr": 0.0003, "train_seconds_cum": 188.0}
2026-09-30 08:44:13 | INFO | epoch summary {"epoch": 148, "train_loss": 0.89, "train_step_acc": 0.9893, "epoch_seconds": 1.2267, "nonfinite_loss_batches": 0, "amp_skipped_steps": 0, "lr": 0.0003, "train_seconds_cum": 189.2}
2026-09-30 08:44:15 | INFO | epoch summary {"epoch": 149, "train_loss": 0.8452, "train_step_acc": 0.9905, "epoch_seconds": 1.2897, "nonfinite_loss_batches": 0, "amp_skipped_steps": 0, "lr": 0.0003, "train_seconds_cum": 190.5}
2026-09-30 08:44:22 | INFO | epoch summary {"epoch": 150, "train_loss": 0.805, "train_step_acc": 0.9908, "epoch_seconds": 1.2325, "nonfinite_loss_batches": 0, "amp_skipped_steps": 0, "val_loss": 39.5348, "val_em": 0.0449, "val_ex": 0.0528, "val_grammar_valid": 1.0, "val_exec_valid": 0.5541, "val_decode_seconds": 2.8515, "lr": 0.0003, "train_seconds_cum": 191.8}
2026-09-30 08:44:23 | INFO | epoch 150 step 450/600 loss 0.374 step_acc 0.996 gnorm 15.72 lr 2.70e-04
2026-09-30 08:44:24 | INFO | epoch summary {"epoch": 151, "train_loss": 0.7809, "train_step_acc": 0.9902, "epoch_seconds": 1.3688, "nonfinite_loss_batches": 0, "amp_skipped_steps": 0, "lr": 0.0003, "train_seconds_cum": 193.1}
2026-09-30 08:44:26 | INFO | epoch summary {"epoch": 152, "train_loss": 0.7156, "train_step_acc": 0.9917, "epoch_seconds": 1.262, "nonfinite_loss_batches": 0, "amp_skipped_steps": 0, "lr": 0.0003, "train_seconds_cum": 194.4}
2026-09-30 08:44:28 | INFO | epoch summary {"epoch": 153, "train_loss": 0.7473, "train_step_acc": 0.9914, "epoch_seconds": 1.3365, "nonfinite_loss_batches": 0, "amp_skipped_steps": 0, "lr": 0.0003, "train_seconds_cum": 195.7}
2026-09-30 08:44:30 | INFO | epoch summary {"epoch": 154, "train_loss": 0.6622, "train_step_acc": 0.9917, "epoch_seconds": 1.3085, "nonfinite_loss_batches": 0, "amp_skipped_steps": 0, "lr": 0.0003, "train_seconds_cum": 197.0}
2026-09-30 08:44:33 | INFO | epoch summary {"epoch": 155, "train_loss": 0.6928, "train_step_acc": 0.9914, "epoch_seconds": 1.348, "nonfinite_loss_batches": 0, "amp_skipped_steps": 0, "lr": 0.0002, "train_seconds_cum": 198.4}
2026-09-30 08:44:35 | INFO | epoch summary {"epoch": 156, "train_loss": 0.6657, "train_step_acc": 0.9917, "epoch_seconds": 1.2536, "nonfinite_loss_batches": 0, "amp_skipped_steps": 0, "lr": 0.0002, "train_seconds_cum": 199.6}
2026-09-30 08:44:37 | INFO | epoch summary {"epoch": 157, "train_loss": 0.6311, "train_step_acc": 0.9917, "epoch_seconds": 1.2617, "nonfinite_loss_batches": 0, "amp_skipped_steps": 0, "lr": 0.0002, "train_seconds_cum": 200.9}
2026-09-30 08:44:39 | INFO | epoch summary {"epoch": 158, "train_loss": 0.6346, "train_step_acc": 0.992, "epoch_seconds": 1.1984, "nonfinite_loss_batches": 0, "amp_skipped_steps": 0, "lr": 0.0002, "train_seconds_cum": 202.1}
2026-09-30 08:44:41 | INFO | epoch summary {"epoch": 159, "train_loss": 0.6831, "train_step_acc": 0.9923, "epoch_seconds": 1.3286, "nonfinite_loss_batches": 0, "amp_skipped_steps": 0, "lr": 0.0002, "train_seconds_cum": 203.4}
2026-09-30 08:44:43 | INFO | epoch summary {"epoch": 160, "train_loss": 0.7103, "train_step_acc": 0.9914, "epoch_seconds": 1.247, "nonfinite_loss_batches": 0, "amp_skipped_steps": 0, "lr": 0.0002, "train_seconds_cum": 204.7}
2026-09-30 08:44:46 | INFO | epoch summary {"epoch": 161, "train_loss": 0.7378, "train_step_acc": 0.9908, "epoch_seconds": 1.2582, "nonfinite_loss_batches": 0, "amp_skipped_steps": 0, "lr": 0.0002, "train_seconds_cum": 206.0}
2026-09-30 08:44:48 | INFO | epoch summary {"epoch": 162, "train_loss": 0.623, "train_step_acc": 0.992, "epoch_seconds": 1.2063, "nonfinite_loss_batches": 0, "amp_skipped_steps": 0, "lr": 0.0002, "train_seconds_cum": 207.2}
2026-09-30 08:44:50 | INFO | epoch summary {"epoch": 163, "train_loss": 0.5811, "train_step_acc": 0.9923, "epoch_seconds": 1.343, "nonfinite_loss_batches": 0, "amp_skipped_steps": 0, "lr": 0.0002, "train_seconds_cum": 208.5}
2026-09-30 08:44:52 | INFO | epoch summary {"epoch": 164, "train_loss": 0.5972, "train_step_acc": 0.9936, "epoch_seconds": 1.262, "nonfinite_loss_batches": 0, "amp_skipped_steps": 0, "lr": 0.0002, "train_seconds_cum": 209.8}
2026-09-30 08:44:54 | INFO | epoch summary {"epoch": 165, "train_loss": 0.5475, "train_step_acc": 0.993, "epoch_seconds": 1.24, "nonfinite_loss_batches": 0, "amp_skipped_steps": 0, "lr": 0.0002, "train_seconds_cum": 211.0}
2026-09-30 08:44:56 | INFO | epoch summary {"epoch": 166, "train_loss": 0.5572, "train_step_acc": 0.9939, "epoch_seconds": 1.3242, "nonfinite_loss_batches": 0, "amp_skipped_steps": 0, "lr": 0.0002, "train_seconds_cum": 212.3}
2026-09-30 08:44:58 | INFO | epoch 166 step 500/600 loss 0.574 step_acc 0.993 gnorm 9.46 lr 1.82e-04
2026-09-30 08:44:58 | INFO | epoch summary {"epoch": 167, "train_loss": 0.5736, "train_step_acc": 0.993, "epoch_seconds": 1.3173, "nonfinite_loss_batches": 0, "amp_skipped_steps": 0, "lr": 0.0002, "train_seconds_cum": 213.7}
2026-09-30 08:45:01 | INFO | epoch summary {"epoch": 168, "train_loss": 0.5784, "train_step_acc": 0.9926, "epoch_seconds": 1.269, "nonfinite_loss_batches": 0, "amp_skipped_steps": 0, "lr": 0.0002, "train_seconds_cum": 214.9}
2026-09-30 08:45:03 | INFO | epoch summary {"epoch": 169, "train_loss": 0.5699, "train_step_acc": 0.992, "epoch_seconds": 1.263, "nonfinite_loss_batches": 0, "amp_skipped_steps": 0, "lr": 0.0002, "train_seconds_cum": 216.2}
2026-09-30 08:45:05 | INFO | epoch summary {"epoch": 170, "train_loss": 0.5396, "train_step_acc": 0.9939, "epoch_seconds": 1.4817, "nonfinite_loss_batches": 0, "amp_skipped_steps": 0, "lr": 0.0002, "train_seconds_cum": 217.7}
2026-09-30 08:45:07 | INFO | epoch summary {"epoch": 171, "train_loss": 0.5112, "train_step_acc": 0.9936, "epoch_seconds": 1.3085, "nonfinite_loss_batches": 0, "amp_skipped_steps": 0, "lr": 0.0002, "train_seconds_cum": 219.0}
2026-09-30 08:45:09 | INFO | epoch summary {"epoch": 172, "train_loss": 0.5028, "train_step_acc": 0.9933, "epoch_seconds": 1.291, "nonfinite_loss_batches": 0, "amp_skipped_steps": 0, "lr": 0.0002, "train_seconds_cum": 220.3}
2026-09-30 08:45:11 | INFO | epoch summary {"epoch": 173, "train_loss": 0.5341, "train_step_acc": 0.9936, "epoch_seconds": 1.2452, "nonfinite_loss_batches": 0, "amp_skipped_steps": 0, "lr": 0.0002, "train_seconds_cum": 221.5}
2026-09-30 08:45:13 | INFO | epoch summary {"epoch": 174, "train_loss": 0.5575, "train_step_acc": 0.9936, "epoch_seconds": 1.2255, "nonfinite_loss_batches": 0, "amp_skipped_steps": 0, "lr": 0.0001, "train_seconds_cum": 222.8}
2026-09-30 08:45:15 | INFO | epoch summary {"epoch": 175, "train_loss": 0.4959, "train_step_acc": 0.9948, "epoch_seconds": 1.1989, "nonfinite_loss_batches": 0, "amp_skipped_steps": 0, "lr": 0.0001, "train_seconds_cum": 224.0}
2026-09-30 08:45:18 | INFO | epoch summary {"epoch": 176, "train_loss": 0.5065, "train_step_acc": 0.9948, "epoch_seconds": 1.2498, "nonfinite_loss_batches": 0, "amp_skipped_steps": 0, "lr": 0.0001, "train_seconds_cum": 225.2}
2026-09-30 08:45:20 | INFO | epoch summary {"epoch": 177, "train_loss": 0.4377, "train_step_acc": 0.9945, "epoch_seconds": 1.3317, "nonfinite_loss_batches": 0, "amp_skipped_steps": 0, "lr": 0.0001, "train_seconds_cum": 226.6}
2026-09-30 08:45:22 | INFO | epoch summary {"epoch": 178, "train_loss": 0.4919, "train_step_acc": 0.9951, "epoch_seconds": 1.2754, "nonfinite_loss_batches": 0, "amp_skipped_steps": 0, "lr": 0.0001, "train_seconds_cum": 227.8}
2026-09-30 08:45:24 | INFO | epoch summary {"epoch": 179, "train_loss": 0.4285, "train_step_acc": 0.9945, "epoch_seconds": 1.3046, "nonfinite_loss_batches": 0, "amp_skipped_steps": 0, "lr": 0.0001, "train_seconds_cum": 229.1}
2026-09-30 08:45:31 | INFO | epoch summary {"epoch": 180, "train_loss": 0.4854, "train_step_acc": 0.9945, "epoch_seconds": 1.26, "nonfinite_loss_batches": 0, "amp_skipped_steps": 0, "val_loss": 46.0228, "val_em": 0.0449, "val_ex": 0.058, "val_grammar_valid": 1.0, "val_exec_valid": 0.5805, "val_decode_seconds": 2.6662, "lr": 0.0001, "train_seconds_cum": 230.4}
2026-09-30 08:45:33 | INFO | epoch summary {"epoch": 181, "train_loss": 0.3758, "train_step_acc": 0.996, "epoch_seconds": 1.3086, "nonfinite_loss_batches": 0, "amp_skipped_steps": 0, "lr": 0.0001, "train_seconds_cum": 231.7}
2026-09-30 08:45:35 | INFO | epoch summary {"epoch": 182, "train_loss": 0.3645, "train_step_acc": 0.9963, "epoch_seconds": 1.2597, "nonfinite_loss_batches": 0, "amp_skipped_steps": 0, "lr": 0.0001, "train_seconds_cum": 233.0}
2026-09-30 08:45:37 | INFO | epoch summary {"epoch": 183, "train_loss": 0.3665, "train_step_acc": 0.9957, "epoch_seconds": 1.2514, "nonfinite_loss_batches": 0, "amp_skipped_steps": 0, "lr": 0.0001, "train_seconds_cum": 234.2}
2026-09-30 08:45:39 | INFO | epoch 183 step 550/600 loss 0.929 step_acc 0.991 gnorm 9.68 lr 9.47e-05
2026-09-30 08:45:39 | INFO | epoch summary {"epoch": 184, "train_loss": 0.4134, "train_step_acc": 0.9954, "epoch_seconds": 1.2318, "nonfinite_loss_batches": 0, "amp_skipped_steps": 0, "lr": 0.0001, "train_seconds_cum": 235.5}
2026-09-30 08:45:42 | INFO | epoch summary {"epoch": 185, "train_loss": 0.3551, "train_step_acc": 0.9963, "epoch_seconds": 1.3253, "nonfinite_loss_batches": 0, "amp_skipped_steps": 0, "lr": 0.0001, "train_seconds_cum": 236.8}
2026-09-30 08:45:44 | INFO | epoch summary {"epoch": 186, "train_loss": 0.3911, "train_step_acc": 0.996, "epoch_seconds": 1.3241, "nonfinite_loss_batches": 0, "amp_skipped_steps": 0, "lr": 0.0001, "train_seconds_cum": 238.1}
2026-09-30 08:45:46 | INFO | epoch summary {"epoch": 187, "train_loss": 0.3815, "train_step_acc": 0.9957, "epoch_seconds": 1.2505, "nonfinite_loss_batches": 0, "amp_skipped_steps": 0, "lr": 0.0001, "train_seconds_cum": 239.4}
2026-09-30 08:45:48 | INFO | epoch summary {"epoch": 188, "train_loss": 0.3503, "train_step_acc": 0.9954, "epoch_seconds": 1.2503, "nonfinite_loss_batches": 0, "amp_skipped_steps": 0, "lr": 0.0001, "train_seconds_cum": 240.6}
2026-09-30 08:45:50 | INFO | epoch summary {"epoch": 189, "train_loss": 0.4197, "train_step_acc": 0.9957, "epoch_seconds": 1.2624, "nonfinite_loss_batches": 0, "amp_skipped_steps": 0, "lr": 0.0001, "train_seconds_cum": 241.9}
2026-09-30 08:45:52 | INFO | epoch summary {"epoch": 190, "train_loss": 0.3847, "train_step_acc": 0.996, "epoch_seconds": 1.2552, "nonfinite_loss_batches": 0, "amp_skipped_steps": 0, "lr": 0.0001, "train_seconds_cum": 243.1}
2026-09-30 08:45:54 | INFO | epoch summary {"epoch": 191, "train_loss": 0.3425, "train_step_acc": 0.9957, "epoch_seconds": 1.2589, "nonfinite_loss_batches": 0, "amp_skipped_steps": 0, "lr": 0.0001, "train_seconds_cum": 244.4}
2026-09-30 08:45:56 | INFO | epoch summary {"epoch": 192, "train_loss": 0.361, "train_step_acc": 0.996, "epoch_seconds": 1.2808, "nonfinite_loss_batches": 0, "amp_skipped_steps": 0, "lr": 0.0001, "train_seconds_cum": 245.7}
2026-09-30 08:45:58 | INFO | epoch summary {"epoch": 193, "train_loss": 0.3336, "train_step_acc": 0.996, "epoch_seconds": 1.281, "nonfinite_loss_batches": 0, "amp_skipped_steps": 0, "lr": 0.0, "train_seconds_cum": 247.0}
2026-09-30 08:46:00 | INFO | epoch summary {"epoch": 194, "train_loss": 0.2966, "train_step_acc": 0.9966, "epoch_seconds": 1.2288, "nonfinite_loss_batches": 0, "amp_skipped_steps": 0, "lr": 0.0, "train_seconds_cum": 248.2}
2026-09-30 08:46:02 | INFO | epoch summary {"epoch": 195, "train_loss": 0.3085, "train_step_acc": 0.996, "epoch_seconds": 1.2747, "nonfinite_loss_batches": 0, "amp_skipped_steps": 0, "lr": 0.0, "train_seconds_cum": 249.5}
2026-09-30 08:46:04 | INFO | epoch summary {"epoch": 196, "train_loss": 0.3245, "train_step_acc": 0.9957, "epoch_seconds": 1.1872, "nonfinite_loss_batches": 0, "amp_skipped_steps": 0, "lr": 0.0, "train_seconds_cum": 250.7}
2026-09-30 08:46:07 | INFO | epoch summary {"epoch": 197, "train_loss": 0.3319, "train_step_acc": 0.9957, "epoch_seconds": 1.1867, "nonfinite_loss_batches": 0, "amp_skipped_steps": 0, "lr": 0.0, "train_seconds_cum": 251.9}
2026-09-30 08:46:09 | INFO | epoch summary {"epoch": 198, "train_loss": 0.3062, "train_step_acc": 0.996, "epoch_seconds": 1.2146, "nonfinite_loss_batches": 0, "amp_skipped_steps": 0, "lr": 0.0, "train_seconds_cum": 253.1}
2026-09-30 08:46:11 | INFO | epoch summary {"epoch": 199, "train_loss": 0.3177, "train_step_acc": 0.9963, "epoch_seconds": 1.2975, "nonfinite_loss_batches": 0, "amp_skipped_steps": 0, "lr": 0.0, "train_seconds_cum": 254.4}
2026-09-30 08:46:18 | INFO | epoch summary {"epoch": 200, "train_loss": 0.2844, "train_step_acc": 0.9969, "epoch_seconds": 1.2861, "nonfinite_loss_batches": 0, "amp_skipped_steps": 0, "val_loss": 47.1401, "val_em": 0.0554, "val_ex": 0.0607, "val_grammar_valid": 1.0, "val_exec_valid": 0.5515, "val_decode_seconds": 2.7518, "lr": 0.0, "train_seconds_cum": 255.7}
